[{"table_name": "table_name", "values": ["tag|tag_selected"]}, {"table_name": "table_name2", "values": ["tag1|tag1_selected", "tag2|tag2_selected"]}]