[
  {
    "stream":"billing",
    "tap_stream_id":"billing",
    "schema":{
      "type":"object",
      "properties":{
        "InvoiceID":{
          "type":[
            "null",
            "integer",
            "string"
          ]
        },
        "PayerAccountId":{
          "type":[
            "null",
            "integer",
            "string"
          ]
        },
        "LinkedAccountId":{
          "type":[
            "null",
            "integer",
            "string"
          ]
        },
        "RecordType":{
          "type":[
            "null",
            "string"
          ]
        },
        "RecordID":{
          "type":[
            "null",
            "string"
          ]
        },
        "BillingPeriodStartDate":{
          "type":[
            "null",
            "string"
          ]
        },
        "BillingPeriodEndDate":{
          "type":[
            "null",
            "string"
          ]
        },
        "InvoiceDate":{
          "type":[
            "null",
            "string"
          ]
        },
        "PayerAccountName":{
          "type":[
            "null",
            "string"
          ]
        },
        "LinkedAccountName":{
          "type":[
            "null",
            "string"
          ]
        },
        "TaxationAddress":{
          "type":[
            "null",
            "string"
          ]
        },
        "PayerPONumber":{
          "type":[
            "null",
            "string"
          ]
        },
        "ProductCode":{
          "type":[
            "null",
            "string"
          ]
        },
        "ProductName":{
          "type":[
            "null",
            "string"
          ]
        },
        "SellerOfRecord":{
          "type":[
            "null",
            "string"
          ]
        },
        "UsageType":{
          "type":[
            "null",
            "string"
          ]
        },
        "Operation":{
          "type":[
            "null",
            "string"
          ]
        },
        "RateId":{
          "type":[
            "null",
            "integer",
            "string"
          ]
        },
        "ItemDescription":{
          "type":[
            "null",
            "string"
          ]
        },
        "UsageStartDate":{
          "type":[
            "null",
            "string"
          ]
        },
        "UsageEndDate":{
          "type":[
            "null",
            "string"
          ]
        },
        "UsageQuantity":{
          "type":[
            "null",
            "number",
            "string"
          ]
        },
        "BlendedRate":{
          "type":[
            "null",
            "string"
          ]
        },
        "CurrencyCode":{
          "type":[
            "null",
            "string"
          ]
        },
        "CostBeforeTax":{
          "type":[
            "null",
            "number",
            "string"
          ]
        },
        "Credits":{
          "type":[
            "null",
            "number",
            "string"
          ]
        },
        "TaxAmount":{
          "type":[
            "null",
            "number",
            "string"
          ]
        },
        "TaxType":{
          "type":[
            "null",
            "string"
          ]
        },
        "TotalCost":{
          "type":[
            "null",
            "number",
            "string"
          ]
        },
        "_sdc_source_bucket":{
          "type":"string"
        },
        "_sdc_source_file":{
          "type":"string"
        },
        "_sdc_source_lineno":{
          "type":"integer"
        },
        "_sdc_extra":{
          "type":"array",
          "items":{
            "type":"string"
          }
        },
        "last_modified":{
          "type":"string",
          "format":"date-time"
        }
      }
    },
    "metadata":[
      {
        "breadcrumb":[

        ],
        "metadata":{
          "table-key-properties":[

          ]
        }
      },
      {
        "breadcrumb":[
          "properties",
          "InvoiceID"
        ],
        "metadata":{
          "inclusion":"available"
        }
      },
      {
        "breadcrumb":[
          "properties",
          "PayerAccountId"
        ],
        "metadata":{
          "inclusion":"available"
        }
      },
      {
        "breadcrumb":[
          "properties",
          "LinkedAccountId"
        ],
        "metadata":{
          "inclusion":"available"
        }
      },
      {
        "breadcrumb":[
          "properties",
          "RecordType"
        ],
        "metadata":{
          "inclusion":"available"
        }
      },
      {
        "breadcrumb":[
          "properties",
          "RecordID"
        ],
        "metadata":{
          "inclusion":"available"
        }
      },
      {
        "breadcrumb":[
          "properties",
          "BillingPeriodStartDate"
        ],
        "metadata":{
          "inclusion":"available"
        }
      },
      {
        "breadcrumb":[
          "properties",
          "BillingPeriodEndDate"
        ],
        "metadata":{
          "inclusion":"available"
        }
      },
      {
        "breadcrumb":[
          "properties",
          "InvoiceDate"
        ],
        "metadata":{
          "inclusion":"available"
        }
      },
      {
        "breadcrumb":[
          "properties",
          "PayerAccountName"
        ],
        "metadata":{
          "inclusion":"available"
        }
      },
      {
        "breadcrumb":[
          "properties",
          "LinkedAccountName"
        ],
        "metadata":{
          "inclusion":"available"
        }
      },
      {
        "breadcrumb":[
          "properties",
          "TaxationAddress"
        ],
        "metadata":{
          "inclusion":"available"
        }
      },
      {
        "breadcrumb":[
          "properties",
          "PayerPONumber"
        ],
        "metadata":{
          "inclusion":"available"
        }
      },
      {
        "breadcrumb":[
          "properties",
          "ProductCode"
        ],
        "metadata":{
          "inclusion":"available"
        }
      },
      {
        "breadcrumb":[
          "properties",
          "ProductName"
        ],
        "metadata":{
          "inclusion":"available"
        }
      },
      {
        "breadcrumb":[
          "properties",
          "SellerOfRecord"
        ],
        "metadata":{
          "inclusion":"available"
        }
      },
      {
        "breadcrumb":[
          "properties",
          "UsageType"
        ],
        "metadata":{
          "inclusion":"available"
        }
      },
      {
        "breadcrumb":[
          "properties",
          "Operation"
        ],
        "metadata":{
          "inclusion":"available"
        }
      },
      {
        "breadcrumb":[
          "properties",
          "RateId"
        ],
        "metadata":{
          "inclusion":"available"
        }
      },
      {
        "breadcrumb":[
          "properties",
          "ItemDescription"
        ],
        "metadata":{
          "inclusion":"available"
        }
      },
      {
        "breadcrumb":[
          "properties",
          "UsageStartDate"
        ],
        "metadata":{
          "inclusion":"available"
        }
      },
      {
        "breadcrumb":[
          "properties",
          "UsageEndDate"
        ],
        "metadata":{
          "inclusion":"available"
        }
      },
      {
        "breadcrumb":[
          "properties",
          "UsageQuantity"
        ],
        "metadata":{
          "inclusion":"available"
        }
      },
      {
        "breadcrumb":[
          "properties",
          "BlendedRate"
        ],
        "metadata":{
          "inclusion":"available"
        }
      },
      {
        "breadcrumb":[
          "properties",
          "CurrencyCode"
        ],
        "metadata":{
          "inclusion":"available"
        }
      },
      {
        "breadcrumb":[
          "properties",
          "CostBeforeTax"
        ],
        "metadata":{
          "inclusion":"available"
        }
      },
      {
        "breadcrumb":[
          "properties",
          "Credits"
        ],
        "metadata":{
          "inclusion":"available"
        }
      },
      {
        "breadcrumb":[
          "properties",
          "TaxAmount"
        ],
        "metadata":{
          "inclusion":"available"
        }
      },
      {
        "breadcrumb":[
          "properties",
          "TaxType"
        ],
        "metadata":{
          "inclusion":"available"
        }
      },
      {
        "breadcrumb":[
          "properties",
          "TotalCost"
        ],
        "metadata":{
          "inclusion":"available"
        }
      },
      {
        "breadcrumb":[
          "properties",
          "_sdc_source_bucket"
        ],
        "metadata":{
          "inclusion":"available"
        }
      },
      {
        "breadcrumb":[
          "properties",
          "_sdc_source_file"
        ],
        "metadata":{
          "inclusion":"available"
        }
      },
      {
        "breadcrumb":[
          "properties",
          "_sdc_source_lineno"
        ],
        "metadata":{
          "inclusion":"available"
        }
      },
      {
        "breadcrumb":[
          "properties",
          "_sdc_extra"
        ],
        "metadata":{
          "inclusion":"available"
        }
      },
      {
        "breadcrumb":[
          "properties",
          "last_modified"
        ],
        "metadata":{
          "inclusion":"available"
        }
      }
    ]
  }
]